PRSice 2.3.3 (2020-08-05) 
https://github.com/choishingwan/PRSice
(C) 2016-2020 Shing Wan (Sam) Choi and Paul F. O'Reilly
GNU General Public License v3
If you use PRSice in any published work, please cite:
Choi SW, O'Reilly PF.
PRSice-2: Polygenic Risk Score Software for Biobank-Scale Data.
GigaScience 8, no. 7 (July 1, 2019)
2026-03-01 22:48:55
./PRSice_linux \
    --a1 a1 \
    --a2 a0 \
    --bar-levels 0.001,0.05,0.1,0.2,0.3,0.4,0.5,1 \
    --base PRSice_sumstats.txt \
    --beta  \
    --binary-target F \
    --bp pos \
    --chr chr \
    --clump-kb 250kb \
    --clump-p 1.000000 \
    --clump-r2 0.100000 \
    --cov PRSice_phenotypes.txt \
    --cov-col sex_num \
    --interval 5e-05 \
    --lower 5e-08 \
    --num-auto 22 \
    --out PRSice_PRS \
    --pheno PRSice_phenotypes.txt \
    --pheno-col height \
    --pvalue p \
    --seed 77726632 \
    --snp rsid \
    --stat beta \
    --target PRSice_PGP_data \
    --thread 1 \
    --upper 0.5

Initializing Genotype file: PRSice_PGP_data (bed) 

Start processing PRSice_sumstats 
================================================== 

Base file: PRSice_sumstats.txt 
Header of file is: 
rsid	chr	pos	a1	a0	beta	p 

676389 variant(s) observed in base file, with: 
91 NA stat/p-value observed 
676298 total variant(s) included from base file 

Loading Genotype info from target 
================================================== 

155 people (0 male(s), 0 female(s)) observed 
155 founder(s) included 

91 variant(s) not found in previous data 
676298 variant(s) included 

Phenotype file: PRSice_phenotypes.txt 
Column Name of Sample ID: FID+IID 
Note: If the phenotype file does not contain a header, the 
column name will be displayed as the Sample ID which is 
expected. 

There are a total of 1 phenotype to process 

Start performing clumping 

Number of variant(s) after clumping : 146837 

Processing the 1 th phenotype 

height is a continuous phenotype 
155 sample(s) with valid phenotype 

Processing the covariate file: PRSice_phenotypes.txt 
============================== 

Include Covariates: 
Name	Missing	Number of levels 
sex_num	0	- 

After reading the covariate file, 155 sample(s) included in 
the analysis 

There are 1 region(s) with p-value less than 1e-5. Please 
note that these results are inflated due to the overfitting 
inherent in finding the best-fit PRS (but it's still best 
to find the best-fit PRS!). 
You can use the --perm option (see manual) to calculate an 
empirical P-value. 

