PRSice 2.3.3 (2020-08-05) 
https://github.com/choishingwan/PRSice
(C) 2016-2020 Shing Wan (Sam) Choi and Paul F. O'Reilly
GNU General Public License v3
If you use PRSice in any published work, please cite:
Choi SW, O'Reilly PF.
PRSice-2: Polygenic Risk Score Software for Biobank-Scale Data.
GigaScience 8, no. 7 (July 1, 2019)
2026-03-04 13:29:40
./PRSice_linux \
    --a1 a1 \
    --a2 a0 \
    --bar-levels 1 \
    --base 1000Genomes/PRSice_sumstats.txt \
    --beta  \
    --binary-target F \
    --bp pos \
    --chr chr \
    --clump-kb 250kb \
    --clump-p 1.000000 \
    --clump-r2 0.100000 \
    --interval 5e-05 \
    --lower 5e-08 \
    --no-regress  \
    --num-auto 22 \
    --out PRSice_1000G \
    --pvalue p \
    --seed 2516454140 \
    --snp rsid \
    --stat beta \
    --target 1000Genomes/PRSice_1000G_data \
    --thread 1 \
    --upper 0.5

Initializing Genotype file: 1000Genomes/PRSice_1000G_data 
(bed) 

Start processing PRSice_sumstats 
================================================== 

Base file: 1000Genomes/PRSice_sumstats.txt 
Header of file is: 
rsid	chr	pos	a1	a0	beta	p 

635489 variant(s) observed in base file, with: 
74 NA stat/p-value observed 
635415 total variant(s) included from base file 

Loading Genotype info from target 
================================================== 

2504 people (0 male(s), 0 female(s)) observed 
2504 founder(s) included 

74 variant(s) not found in previous data 
635415 variant(s) included 

Start performing clumping 

Number of variant(s) after clumping : 129017 

Start calculating the scores 

